Archive member included to satisfy reference by file (symbol)

c:/intelfpga_lite/18.1/nios2eds/bin/gnu/h-x86_64-mingw32/bin/../lib/gcc/nios2-elf/5.3.0/mno-hw-mul\libgcc.a(lib2-mul.o)
                              obj/default/main.o (__mulsi3)
c:/intelfpga_lite/18.1/nios2eds/bin/gnu/h-x86_64-mingw32/bin/../lib/gcc/nios2-elf/5.3.0/../../../../../H-x86_64-mingw32/nios2-elf/lib/mno-hw-mul\libsmallc.a(lib_a-putchar.o)
                              obj/default/uart.o (putchar)
c:/intelfpga_lite/18.1/nios2eds/bin/gnu/h-x86_64-mingw32/bin/../lib/gcc/nios2-elf/5.3.0/../../../../../H-x86_64-mingw32/nios2-elf/lib/mno-hw-mul\libsmallc.a(lib_a-impure.o)
                              c:/intelfpga_lite/18.1/nios2eds/bin/gnu/h-x86_64-mingw32/bin/../lib/gcc/nios2-elf/5.3.0/../../../../../H-x86_64-mingw32/nios2-elf/lib/mno-hw-mul\libsmallc.a(lib_a-putchar.o) (_impure_ptr)
c:/intelfpga_lite/18.1/nios2eds/bin/gnu/h-x86_64-mingw32/bin/../lib/gcc/nios2-elf/5.3.0/../../../../../H-x86_64-mingw32/nios2-elf/lib/mno-hw-mul\libsmallc.a(lib_a-putc.o)
                              c:/intelfpga_lite/18.1/nios2eds/bin/gnu/h-x86_64-mingw32/bin/../lib/gcc/nios2-elf/5.3.0/../../../../../H-x86_64-mingw32/nios2-elf/lib/mno-hw-mul\libsmallc.a(lib_a-putchar.o) (_putc_r)
c:/intelfpga_lite/18.1/nios2eds/bin/gnu/h-x86_64-mingw32/bin/../lib/gcc/nios2-elf/5.3.0/../../../../../H-x86_64-mingw32/nios2-elf/lib/mno-hw-mul\libsmallc.a(lib_a-fvwrite_small_dev.o)
                              c:/intelfpga_lite/18.1/nios2eds/bin/gnu/h-x86_64-mingw32/bin/../lib/gcc/nios2-elf/5.3.0/../../../../../H-x86_64-mingw32/nios2-elf/lib/mno-hw-mul\libsmallc.a(lib_a-putc.o) (__sfvwrite_small_dev)
c:/intelfpga_lite/18.1/nios2eds/bin/gnu/h-x86_64-mingw32/bin/../lib/gcc/nios2-elf/5.3.0/../../../../../H-x86_64-mingw32/nios2-elf/lib/mno-hw-mul\libsmallc.a(lib_a-writer.o)
                              c:/intelfpga_lite/18.1/nios2eds/bin/gnu/h-x86_64-mingw32/bin/../lib/gcc/nios2-elf/5.3.0/../../../../../H-x86_64-mingw32/nios2-elf/lib/mno-hw-mul\libsmallc.a(lib_a-fvwrite_small_dev.o) (_write_r)
c:/intelfpga_lite/18.1/nios2eds/bin/gnu/h-x86_64-mingw32/bin/../lib/gcc/nios2-elf/5.3.0/../../../../../H-x86_64-mingw32/nios2-elf/lib/mno-hw-mul\libsmallc.a(lib_a-int_errno.o)
                              c:/intelfpga_lite/18.1/nios2eds/bin/gnu/h-x86_64-mingw32/bin/../lib/gcc/nios2-elf/5.3.0/../../../../../H-x86_64-mingw32/nios2-elf/lib/mno-hw-mul\libsmallc.a(lib_a-writer.o) (errno)
../P1_bsp/\libhal_bsp.a(alt_load.o)
                              ../P1_bsp//obj/HAL/src/crt0.o (alt_load)
../P1_bsp/\libhal_bsp.a(alt_main.o)
                              ../P1_bsp//obj/HAL/src/crt0.o (alt_main)
../P1_bsp/\libhal_bsp.a(alt_usleep.o)
                              obj/default/lcd.o (usleep)
../P1_bsp/\libhal_bsp.a(alt_write.o)
                              c:/intelfpga_lite/18.1/nios2eds/bin/gnu/h-x86_64-mingw32/bin/../lib/gcc/nios2-elf/5.3.0/../../../../../H-x86_64-mingw32/nios2-elf/lib/mno-hw-mul\libsmallc.a(lib_a-writer.o) (write)
../P1_bsp/\libhal_bsp.a(alt_sys_init.o)
                              ../P1_bsp/\libhal_bsp.a(alt_main.o) (alt_irq_init)
../P1_bsp/\libhal_bsp.a(altera_avalon_jtag_uart_write.o)
                              ../P1_bsp/\libhal_bsp.a(alt_write.o) (altera_avalon_jtag_uart_write)
../P1_bsp/\libhal_bsp.a(alt_busy_sleep.o)
                              ../P1_bsp/\libhal_bsp.a(alt_usleep.o) (alt_busy_sleep)
../P1_bsp/\libhal_bsp.a(alt_dcache_flush_all.o)
                              ../P1_bsp/\libhal_bsp.a(alt_load.o) (alt_dcache_flush_all)
../P1_bsp/\libhal_bsp.a(alt_errno.o)
                              ../P1_bsp/\libhal_bsp.a(alt_write.o) (alt_errno)
../P1_bsp/\libhal_bsp.a(alt_icache_flush_all.o)
                              ../P1_bsp/\libhal_bsp.a(alt_load.o) (alt_icache_flush_all)
../P1_bsp/\libhal_bsp.a(altera_nios2_gen2_irq.o)
                              ../P1_bsp/\libhal_bsp.a(alt_sys_init.o) (altera_nios2_gen2_irq_init)
c:/intelfpga_lite/18.1/nios2eds/bin/gnu/h-x86_64-mingw32/bin/../lib/gcc/nios2-elf/5.3.0/mno-hw-mul\libgcc.a(lib2-divmod.o)
                              ../P1_bsp/\libhal_bsp.a(alt_busy_sleep.o) (__udivsi3)

Allocating common symbols
Common symbol       size              file

errno               0x4               c:/intelfpga_lite/18.1/nios2eds/bin/gnu/h-x86_64-mingw32/bin/../lib/gcc/nios2-elf/5.3.0/../../../../../H-x86_64-mingw32/nios2-elf/lib/mno-hw-mul\libsmallc.a(lib_a-int_errno.o)

Memory Configuration

Name             Origin             Length             Attributes
reset            0x0000000000008000 0x0000000000000020
memory           0x0000000000008020 0x0000000000005fe0
*default*        0x0000000000000000 0xffffffffffffffff

Linker script and memory map

LOAD ../P1_bsp//obj/HAL/src/crt0.o
LOAD obj/default/lcd.o
LOAD obj/default/main.o
LOAD obj/default/uart.o
LOAD c:/intelfpga_lite/18.1/nios2eds/bin/gnu/h-x86_64-mingw32/bin/../lib/gcc/nios2-elf/5.3.0/../../../../../H-x86_64-mingw32/nios2-elf/lib/mno-hw-mul\libstdc++.a
LOAD c:/intelfpga_lite/18.1/nios2eds/bin/gnu/h-x86_64-mingw32/bin/../lib/gcc/nios2-elf/5.3.0/../../../../../H-x86_64-mingw32/nios2-elf/lib/mno-hw-mul\libm.a
LOAD c:/intelfpga_lite/18.1/nios2eds/bin/gnu/h-x86_64-mingw32/bin/../lib/gcc/nios2-elf/5.3.0/mno-hw-mul\libgcc.a
START GROUP
LOAD c:/intelfpga_lite/18.1/nios2eds/bin/gnu/h-x86_64-mingw32/bin/../lib/gcc/nios2-elf/5.3.0/../../../../../H-x86_64-mingw32/nios2-elf/lib/mno-hw-mul\libsmallc.a
LOAD c:/intelfpga_lite/18.1/nios2eds/bin/gnu/h-x86_64-mingw32/bin/../lib/gcc/nios2-elf/5.3.0/mno-hw-mul\libgcc.a
LOAD ../P1_bsp/\libhal_bsp.a
LOAD c:/intelfpga_lite/18.1/nios2eds/bin/gnu/h-x86_64-mingw32/bin/../lib/gcc/nios2-elf/5.3.0/../../../../../H-x86_64-mingw32/nios2-elf/lib/mno-hw-mul\libm.a
END GROUP
LOAD c:/intelfpga_lite/18.1/nios2eds/bin/gnu/h-x86_64-mingw32/bin/../lib/gcc/nios2-elf/5.3.0/mno-hw-mul\libgcc.a
                0x0000000000008000                __alt_mem_memory = 0x8000

.entry          0x0000000000008000       0x20
 *(.entry)
 .entry         0x0000000000008000       0x20 ../P1_bsp//obj/HAL/src/crt0.o
                0x0000000000008000                __reset
                0x000000000000800c                _exit

.exceptions     0x0000000000008020        0x0
                0x0000000000008020                PROVIDE (__ram_exceptions_start, ABSOLUTE (.))
                0x0000000000008020                . = ALIGN (0x20)
 *(.irq)
 *(.exceptions.entry.label)
 *(.exceptions.entry.user)
 *(.exceptions.entry.ecc_fatal)
 *(.exceptions.entry)
 *(.exceptions.irqtest.user)
 *(.exceptions.irqtest)
 *(.exceptions.irqhandler.user)
 *(.exceptions.irqhandler)
 *(.exceptions.irqreturn.user)
 *(.exceptions.irqreturn)
 *(.exceptions.notirq.label)
 *(.exceptions.notirq.user)
 *(.exceptions.notirq)
 *(.exceptions.soft.user)
 *(.exceptions.soft)
 *(.exceptions.unknown.user)
 *(.exceptions.unknown)
 *(.exceptions.exit.label)
 *(.exceptions.exit.user)
 *(.exceptions.exit)
 *(.exceptions)
                0x0000000000008020                PROVIDE (__ram_exceptions_end, ABSOLUTE (.))
                0x0000000000008020                PROVIDE (__flash_exceptions_start, LOADADDR (.exceptions))

.text           0x0000000000008020      0xb0c
                [!provide]                        PROVIDE (stext, ABSOLUTE (.))
 *(.interp)
 *(.hash)
 *(.dynsym)
 *(.dynstr)
 *(.gnu.version)
 *(.gnu.version_d)
 *(.gnu.version_r)
 *(.rel.init)
 *(.rela.init)
 *(.rel.text .rel.text.* .rel.gnu.linkonce.t.*)
 *(.rela.text .rela.text.* .rela.gnu.linkonce.t.*)
 *(.rel.fini)
 *(.rela.fini)
 *(.rel.rodata .rel.rodata.* .rel.gnu.linkonce.r.*)
 *(.rela.rodata .rela.rodata.* .rela.gnu.linkonce.r.*)
 *(.rel.data .rel.data.* .rel.gnu.linkonce.d.*)
 *(.rela.data .rela.data.* .rela.gnu.linkonce.d.*)
 *(.rel.tdata .rel.tdata.* .rel.gnu.linkonce.td.*)
 *(.rela.tdata .rela.tdata.* .rela.gnu.linkonce.td.*)
 *(.rel.tbss .rel.tbss.* .rel.gnu.linkonce.tb.*)
 *(.rela.tbss .rela.tbss.* .rela.gnu.linkonce.tb.*)
 *(.rel.ctors)
 *(.rela.ctors)
 *(.rel.dtors)
 *(.rela.dtors)
 *(.rel.got)
 *(.rela.got)
 *(.rel.sdata .rel.sdata.* .rel.gnu.linkonce.s.*)
 *(.rela.sdata .rela.sdata.* .rela.gnu.linkonce.s.*)
 *(.rel.sbss .rel.sbss.* .rel.gnu.linkonce.sb.*)
 *(.rela.sbss .rela.sbss.* .rela.gnu.linkonce.sb.*)
 *(.rel.sdata2 .rel.sdata2.* .rel.gnu.linkonce.s2.*)
 *(.rela.sdata2 .rela.sdata2.* .rela.gnu.linkonce.s2.*)
 *(.rel.sbss2 .rel.sbss2.* .rel.gnu.linkonce.sb2.*)
 *(.rela.sbss2 .rela.sbss2.* .rela.gnu.linkonce.sb2.*)
 *(.rel.bss .rel.bss.* .rel.gnu.linkonce.b.*)
 *(.rela.bss .rela.bss.* .rela.gnu.linkonce.b.*)
 *(.rel.plt)
 *(.rela.plt)
 *(.rel.dyn)
 *(.init)
 *(.plt)
 *(.text .stub .text.* .gnu.linkonce.t.*)
 .text          0x0000000000008020       0x3c ../P1_bsp//obj/HAL/src/crt0.o
                0x0000000000008020                _start
 .text          0x000000000000805c      0x12c obj/default/lcd.o
                0x000000000000805c                lcd_init
                0x0000000000008110                lcd_print
 .text          0x0000000000008188        0x0 obj/default/main.o
 .text.startup  0x0000000000008188      0x2d4 obj/default/main.o
                0x0000000000008188                main
 .text          0x000000000000845c       0xb4 obj/default/uart.o
                0x000000000000845c                uart_write
 .text          0x0000000000008510       0x28 c:/intelfpga_lite/18.1/nios2eds/bin/gnu/h-x86_64-mingw32/bin/../lib/gcc/nios2-elf/5.3.0/mno-hw-mul\libgcc.a(lib2-mul.o)
                0x0000000000008510                __mulsi3
 .text          0x0000000000008538        0x0 c:/intelfpga_lite/18.1/nios2eds/bin/gnu/h-x86_64-mingw32/bin/../lib/gcc/nios2-elf/5.3.0/../../../../../H-x86_64-mingw32/nios2-elf/lib/mno-hw-mul\libsmallc.a(lib_a-putchar.o)
 .text._putchar_r
                0x0000000000008538        0x8 c:/intelfpga_lite/18.1/nios2eds/bin/gnu/h-x86_64-mingw32/bin/../lib/gcc/nios2-elf/5.3.0/../../../../../H-x86_64-mingw32/nios2-elf/lib/mno-hw-mul\libsmallc.a(lib_a-putchar.o)
                0x0000000000008538                _putchar_r
 .text.putchar  0x0000000000008540       0x1c c:/intelfpga_lite/18.1/nios2eds/bin/gnu/h-x86_64-mingw32/bin/../lib/gcc/nios2-elf/5.3.0/../../../../../H-x86_64-mingw32/nios2-elf/lib/mno-hw-mul\libsmallc.a(lib_a-putchar.o)
                0x0000000000008540                putchar
 .text          0x000000000000855c        0x0 c:/intelfpga_lite/18.1/nios2eds/bin/gnu/h-x86_64-mingw32/bin/../lib/gcc/nios2-elf/5.3.0/../../../../../H-x86_64-mingw32/nios2-elf/lib/mno-hw-mul\libsmallc.a(lib_a-impure.o)
 .text          0x000000000000855c        0x0 c:/intelfpga_lite/18.1/nios2eds/bin/gnu/h-x86_64-mingw32/bin/../lib/gcc/nios2-elf/5.3.0/../../../../../H-x86_64-mingw32/nios2-elf/lib/mno-hw-mul\libsmallc.a(lib_a-putc.o)
 .text.putc     0x000000000000855c       0x54 c:/intelfpga_lite/18.1/nios2eds/bin/gnu/h-x86_64-mingw32/bin/../lib/gcc/nios2-elf/5.3.0/../../../../../H-x86_64-mingw32/nios2-elf/lib/mno-hw-mul\libsmallc.a(lib_a-putc.o)
                0x000000000000855c                putc
 .text._putc_r  0x00000000000085b0       0x58 c:/intelfpga_lite/18.1/nios2eds/bin/gnu/h-x86_64-mingw32/bin/../lib/gcc/nios2-elf/5.3.0/../../../../../H-x86_64-mingw32/nios2-elf/lib/mno-hw-mul\libsmallc.a(lib_a-putc.o)
                0x00000000000085b0                _putc_r
 .text          0x0000000000008608        0x0 c:/intelfpga_lite/18.1/nios2eds/bin/gnu/h-x86_64-mingw32/bin/../lib/gcc/nios2-elf/5.3.0/../../../../../H-x86_64-mingw32/nios2-elf/lib/mno-hw-mul\libsmallc.a(lib_a-fvwrite_small_dev.o)
 .text.__sfvwrite_small_dev
                0x0000000000008608       0xb8 c:/intelfpga_lite/18.1/nios2eds/bin/gnu/h-x86_64-mingw32/bin/../lib/gcc/nios2-elf/5.3.0/../../../../../H-x86_64-mingw32/nios2-elf/lib/mno-hw-mul\libsmallc.a(lib_a-fvwrite_small_dev.o)
                0x0000000000008608                __sfvwrite_small_dev
 .text          0x00000000000086c0        0x0 c:/intelfpga_lite/18.1/nios2eds/bin/gnu/h-x86_64-mingw32/bin/../lib/gcc/nios2-elf/5.3.0/../../../../../H-x86_64-mingw32/nios2-elf/lib/mno-hw-mul\libsmallc.a(lib_a-writer.o)
 .text._write_r
                0x00000000000086c0       0x58 c:/intelfpga_lite/18.1/nios2eds/bin/gnu/h-x86_64-mingw32/bin/../lib/gcc/nios2-elf/5.3.0/../../../../../H-x86_64-mingw32/nios2-elf/lib/mno-hw-mul\libsmallc.a(lib_a-writer.o)
                0x00000000000086c0                _write_r
 .text          0x0000000000008718        0x0 c:/intelfpga_lite/18.1/nios2eds/bin/gnu/h-x86_64-mingw32/bin/../lib/gcc/nios2-elf/5.3.0/../../../../../H-x86_64-mingw32/nios2-elf/lib/mno-hw-mul\libsmallc.a(lib_a-int_errno.o)
 .text          0x0000000000008718       0xe0 ../P1_bsp/\libhal_bsp.a(alt_load.o)
                0x0000000000008718                alt_load
 .text          0x00000000000087f8       0x2c ../P1_bsp/\libhal_bsp.a(alt_main.o)
                0x00000000000087f8                alt_main
 .text          0x0000000000008824        0x4 ../P1_bsp/\libhal_bsp.a(alt_usleep.o)
                0x0000000000008824                usleep
 .text          0x0000000000008828       0x60 ../P1_bsp/\libhal_bsp.a(alt_write.o)
                0x0000000000008828                write
 .text          0x0000000000008888       0x24 ../P1_bsp/\libhal_bsp.a(alt_sys_init.o)
                0x0000000000008888                alt_irq_init
                0x00000000000088a8                alt_sys_init
 .text          0x00000000000088ac       0x34 ../P1_bsp/\libhal_bsp.a(altera_avalon_jtag_uart_write.o)
                0x00000000000088ac                altera_avalon_jtag_uart_write
 .text          0x00000000000088e0       0x88 ../P1_bsp/\libhal_bsp.a(alt_busy_sleep.o)
                0x00000000000088e0                alt_busy_sleep
 .text          0x0000000000008968        0x4 ../P1_bsp/\libhal_bsp.a(alt_dcache_flush_all.o)
                0x0000000000008968                alt_dcache_flush_all
 .text          0x000000000000896c        0x0 ../P1_bsp/\libhal_bsp.a(alt_errno.o)
 .text          0x000000000000896c        0x4 ../P1_bsp/\libhal_bsp.a(alt_icache_flush_all.o)
                0x000000000000896c                alt_icache_flush_all
 .text          0x0000000000008970        0x8 ../P1_bsp/\libhal_bsp.a(altera_nios2_gen2_irq.o)
                0x0000000000008970                altera_nios2_gen2_irq_init
 .text          0x0000000000008978      0x1b4 c:/intelfpga_lite/18.1/nios2eds/bin/gnu/h-x86_64-mingw32/bin/../lib/gcc/nios2-elf/5.3.0/mno-hw-mul\libgcc.a(lib2-divmod.o)
                0x0000000000008978                __divsi3
                0x00000000000089fc                __modsi3
                0x0000000000008a70                __udivsi3
                0x0000000000008ad4                __umodsi3
 *(.gnu.warning.*)
 *(.fini)
                [!provide]                        PROVIDE (__etext, ABSOLUTE (.))
                [!provide]                        PROVIDE (_etext, ABSOLUTE (.))
                [!provide]                        PROVIDE (etext, ABSOLUTE (.))
 *(.eh_frame_hdr)
                0x0000000000008b2c                . = ALIGN (0x4)
                [!provide]                        PROVIDE (__preinit_array_start, ABSOLUTE (.))
 *(.preinit_array)
                [!provide]                        PROVIDE (__preinit_array_end, ABSOLUTE (.))
                [!provide]                        PROVIDE (__init_array_start, ABSOLUTE (.))
 *(.init_array)
                [!provide]                        PROVIDE (__init_array_end, ABSOLUTE (.))
                [!provide]                        PROVIDE (__fini_array_start, ABSOLUTE (.))
 *(.fini_array)
                [!provide]                        PROVIDE (__fini_array_end, ABSOLUTE (.))
 *(.eh_frame)
 *(.gcc_except_table .gcc_except_table.*)
 *(.dynamic)
                [!provide]                        PROVIDE (__CTOR_LIST__, ABSOLUTE (.))
 *(.ctors)
 *(SORT(.ctors.*))
                [!provide]                        PROVIDE (__CTOR_END__, ABSOLUTE (.))
                [!provide]                        PROVIDE (__DTOR_LIST__, ABSOLUTE (.))
 *(.dtors)
 *(SORT(.dtors.*))
                [!provide]                        PROVIDE (__DTOR_END__, ABSOLUTE (.))
 *(.jcr)
                0x0000000000008b2c                . = ALIGN (0x4)

.rodata         0x0000000000008b2c       0x90
                0x0000000000008b2c                PROVIDE (__ram_rodata_start, ABSOLUTE (.))
                0x0000000000008b2c                . = ALIGN (0x4)
 *(.rodata .rodata.* .gnu.linkonce.r.*)
 .rodata.str1.4
                0x0000000000008b2c       0x90 obj/default/main.o
                                         0x8e (size before relaxing)
 *(.rodata1)
                0x0000000000008bbc                . = ALIGN (0x4)
                0x0000000000008bbc                PROVIDE (__ram_rodata_end, ABSOLUTE (.))
                0x0000000000008b2c                PROVIDE (__flash_rodata_start, LOADADDR (.rodata))

.rwdata         0x0000000000008bbc      0x1e0 load address 0x0000000000008d9c
                0x0000000000008bbc                PROVIDE (__ram_rwdata_start, ABSOLUTE (.))
                0x0000000000008bbc                . = ALIGN (0x4)
 *(.got.plt)
 *(.got)
 *(.data1)
 *(.data .data.* .gnu.linkonce.d.*)
 .data          0x0000000000008bbc        0x0 ../P1_bsp//obj/HAL/src/crt0.o
 .data          0x0000000000008bbc        0x0 obj/default/lcd.o
 .data          0x0000000000008bbc       0xe7 obj/default/main.o
                0x0000000000008bbc                msg
                0x0000000000008bf8                opt
                0x0000000000008c20                MESSAGE_4
                0x0000000000008c36                MESSAGE_3
                0x0000000000008c4c                MESSAGE_2
                0x0000000000008c62                MESSAGE_1
                0x0000000000008c78                MESSAGE_0
                0x0000000000008c8e                MQTT_CONNECT
 .data          0x0000000000008ca3        0x0 obj/default/uart.o
 .data          0x0000000000008ca3        0x0 c:/intelfpga_lite/18.1/nios2eds/bin/gnu/h-x86_64-mingw32/bin/../lib/gcc/nios2-elf/5.3.0/mno-hw-mul\libgcc.a(lib2-mul.o)
 .data          0x0000000000008ca3        0x0 c:/intelfpga_lite/18.1/nios2eds/bin/gnu/h-x86_64-mingw32/bin/../lib/gcc/nios2-elf/5.3.0/../../../../../H-x86_64-mingw32/nios2-elf/lib/mno-hw-mul\libsmallc.a(lib_a-putchar.o)
 .data          0x0000000000008ca3        0x0 c:/intelfpga_lite/18.1/nios2eds/bin/gnu/h-x86_64-mingw32/bin/../lib/gcc/nios2-elf/5.3.0/../../../../../H-x86_64-mingw32/nios2-elf/lib/mno-hw-mul\libsmallc.a(lib_a-impure.o)
 *fill*         0x0000000000008ca3        0x1 
 .data.impure_data
                0x0000000000008ca4       0xe0 c:/intelfpga_lite/18.1/nios2eds/bin/gnu/h-x86_64-mingw32/bin/../lib/gcc/nios2-elf/5.3.0/../../../../../H-x86_64-mingw32/nios2-elf/lib/mno-hw-mul\libsmallc.a(lib_a-impure.o)
 .data          0x0000000000008d84        0x0 c:/intelfpga_lite/18.1/nios2eds/bin/gnu/h-x86_64-mingw32/bin/../lib/gcc/nios2-elf/5.3.0/../../../../../H-x86_64-mingw32/nios2-elf/lib/mno-hw-mul\libsmallc.a(lib_a-putc.o)
 .data          0x0000000000008d84        0x0 c:/intelfpga_lite/18.1/nios2eds/bin/gnu/h-x86_64-mingw32/bin/../lib/gcc/nios2-elf/5.3.0/../../../../../H-x86_64-mingw32/nios2-elf/lib/mno-hw-mul\libsmallc.a(lib_a-fvwrite_small_dev.o)
 .data          0x0000000000008d84        0x0 c:/intelfpga_lite/18.1/nios2eds/bin/gnu/h-x86_64-mingw32/bin/../lib/gcc/nios2-elf/5.3.0/../../../../../H-x86_64-mingw32/nios2-elf/lib/mno-hw-mul\libsmallc.a(lib_a-writer.o)
 .data          0x0000000000008d84        0x0 c:/intelfpga_lite/18.1/nios2eds/bin/gnu/h-x86_64-mingw32/bin/../lib/gcc/nios2-elf/5.3.0/../../../../../H-x86_64-mingw32/nios2-elf/lib/mno-hw-mul\libsmallc.a(lib_a-int_errno.o)
 .data          0x0000000000008d84        0x0 ../P1_bsp/\libhal_bsp.a(alt_load.o)
 .data          0x0000000000008d84        0x0 ../P1_bsp/\libhal_bsp.a(alt_main.o)
 .data          0x0000000000008d84        0x0 ../P1_bsp/\libhal_bsp.a(alt_usleep.o)
 .data          0x0000000000008d84        0x0 ../P1_bsp/\libhal_bsp.a(alt_write.o)
 .data          0x0000000000008d84        0x0 ../P1_bsp/\libhal_bsp.a(alt_sys_init.o)
 .data          0x0000000000008d84        0x0 ../P1_bsp/\libhal_bsp.a(altera_avalon_jtag_uart_write.o)
 .data          0x0000000000008d84        0x0 ../P1_bsp/\libhal_bsp.a(alt_busy_sleep.o)
 .data          0x0000000000008d84        0x0 ../P1_bsp/\libhal_bsp.a(alt_dcache_flush_all.o)
 .data          0x0000000000008d84        0x0 ../P1_bsp/\libhal_bsp.a(alt_errno.o)
 .data          0x0000000000008d84        0x0 ../P1_bsp/\libhal_bsp.a(alt_icache_flush_all.o)
 .data          0x0000000000008d84        0x0 ../P1_bsp/\libhal_bsp.a(altera_nios2_gen2_irq.o)
 .data          0x0000000000008d84        0x0 c:/intelfpga_lite/18.1/nios2eds/bin/gnu/h-x86_64-mingw32/bin/../lib/gcc/nios2-elf/5.3.0/mno-hw-mul\libgcc.a(lib2-divmod.o)
                0x0000000000010d84                _gp = ABSOLUTE ((. + 0x8000))
                [!provide]                        PROVIDE (gp, _gp)
 *(.rwdata .rwdata.*)
 *(.sdata .sdata.* .gnu.linkonce.s.*)
 .sdata         0x0000000000008d84        0x3 obj/default/main.o
                0x0000000000008d84                MQTT_DISCONNECT
 *fill*         0x0000000000008d87        0x1 
 .sdata._global_impure_ptr
                0x0000000000008d88        0x4 c:/intelfpga_lite/18.1/nios2eds/bin/gnu/h-x86_64-mingw32/bin/../lib/gcc/nios2-elf/5.3.0/../../../../../H-x86_64-mingw32/nios2-elf/lib/mno-hw-mul\libsmallc.a(lib_a-impure.o)
                0x0000000000008d88                _global_impure_ptr
 .sdata._impure_ptr
                0x0000000000008d8c        0x4 c:/intelfpga_lite/18.1/nios2eds/bin/gnu/h-x86_64-mingw32/bin/../lib/gcc/nios2-elf/5.3.0/../../../../../H-x86_64-mingw32/nios2-elf/lib/mno-hw-mul\libsmallc.a(lib_a-impure.o)
                0x0000000000008d8c                _impure_ptr
 .sdata         0x0000000000008d90        0x8 ../P1_bsp/\libhal_bsp.a(alt_sys_init.o)
                0x0000000000008d90                uart
                0x0000000000008d94                jtag
 .sdata         0x0000000000008d98        0x4 ../P1_bsp/\libhal_bsp.a(alt_errno.o)
                0x0000000000008d98                alt_errno
 *(.sdata2 .sdata2.* .gnu.linkonce.s2.*)
                0x0000000000008d9c                . = ALIGN (0x4)
                0x0000000000008d9c                _edata = ABSOLUTE (.)
                [!provide]                        PROVIDE (edata, ABSOLUTE (.))
                0x0000000000008d9c                PROVIDE (__ram_rwdata_end, ABSOLUTE (.))
                0x0000000000008d9c                PROVIDE (__flash_rwdata_start, LOADADDR (.rwdata))

.bss            0x0000000000008f7c       0x10
                0x0000000000008f7c                __bss_start = ABSOLUTE (.)
                [!provide]                        PROVIDE (__sbss_start, ABSOLUTE (.))
                [!provide]                        PROVIDE (___sbss_start, ABSOLUTE (.))
 *(.dynsbss)
 *(.sbss .sbss.* .gnu.linkonce.sb.*)
 .sbss          0x0000000000008f7c        0x4 c:/intelfpga_lite/18.1/nios2eds/bin/gnu/h-x86_64-mingw32/bin/../lib/gcc/nios2-elf/5.3.0/../../../../../H-x86_64-mingw32/nios2-elf/lib/mno-hw-mul\libsmallc.a(lib_a-int_errno.o)
                0x0000000000008f7c                errno
 .sbss          0x0000000000008f80        0xc ../P1_bsp/\libhal_bsp.a(alt_main.o)
                0x0000000000008f80                alt_envp
                0x0000000000008f84                alt_argv
                0x0000000000008f88                alt_argc
 *(.sbss2 .sbss2.* .gnu.linkonce.sb2.*)
 *(.scommon)
                [!provide]                        PROVIDE (__sbss_end, ABSOLUTE (.))
                [!provide]                        PROVIDE (___sbss_end, ABSOLUTE (.))
 *(.dynbss)
 *(.bss .bss.* .gnu.linkonce.b.*)
 .bss           0x0000000000008f8c        0x0 ../P1_bsp//obj/HAL/src/crt0.o
 .bss           0x0000000000008f8c        0x0 obj/default/lcd.o
 .bss           0x0000000000008f8c        0x0 obj/default/main.o
 .bss           0x0000000000008f8c        0x0 obj/default/uart.o
 .bss           0x0000000000008f8c        0x0 c:/intelfpga_lite/18.1/nios2eds/bin/gnu/h-x86_64-mingw32/bin/../lib/gcc/nios2-elf/5.3.0/mno-hw-mul\libgcc.a(lib2-mul.o)
 .bss           0x0000000000008f8c        0x0 c:/intelfpga_lite/18.1/nios2eds/bin/gnu/h-x86_64-mingw32/bin/../lib/gcc/nios2-elf/5.3.0/../../../../../H-x86_64-mingw32/nios2-elf/lib/mno-hw-mul\libsmallc.a(lib_a-putchar.o)
 .bss           0x0000000000008f8c        0x0 c:/intelfpga_lite/18.1/nios2eds/bin/gnu/h-x86_64-mingw32/bin/../lib/gcc/nios2-elf/5.3.0/../../../../../H-x86_64-mingw32/nios2-elf/lib/mno-hw-mul\libsmallc.a(lib_a-impure.o)
 .bss           0x0000000000008f8c        0x0 c:/intelfpga_lite/18.1/nios2eds/bin/gnu/h-x86_64-mingw32/bin/../lib/gcc/nios2-elf/5.3.0/../../../../../H-x86_64-mingw32/nios2-elf/lib/mno-hw-mul\libsmallc.a(lib_a-putc.o)
 .bss           0x0000000000008f8c        0x0 c:/intelfpga_lite/18.1/nios2eds/bin/gnu/h-x86_64-mingw32/bin/../lib/gcc/nios2-elf/5.3.0/../../../../../H-x86_64-mingw32/nios2-elf/lib/mno-hw-mul\libsmallc.a(lib_a-fvwrite_small_dev.o)
 .bss           0x0000000000008f8c        0x0 c:/intelfpga_lite/18.1/nios2eds/bin/gnu/h-x86_64-mingw32/bin/../lib/gcc/nios2-elf/5.3.0/../../../../../H-x86_64-mingw32/nios2-elf/lib/mno-hw-mul\libsmallc.a(lib_a-writer.o)
 .bss           0x0000000000008f8c        0x0 c:/intelfpga_lite/18.1/nios2eds/bin/gnu/h-x86_64-mingw32/bin/../lib/gcc/nios2-elf/5.3.0/../../../../../H-x86_64-mingw32/nios2-elf/lib/mno-hw-mul\libsmallc.a(lib_a-int_errno.o)
 .bss           0x0000000000008f8c        0x0 ../P1_bsp/\libhal_bsp.a(alt_load.o)
 .bss           0x0000000000008f8c        0x0 ../P1_bsp/\libhal_bsp.a(alt_main.o)
 .bss           0x0000000000008f8c        0x0 ../P1_bsp/\libhal_bsp.a(alt_usleep.o)
 .bss           0x0000000000008f8c        0x0 ../P1_bsp/\libhal_bsp.a(alt_write.o)
 .bss           0x0000000000008f8c        0x0 ../P1_bsp/\libhal_bsp.a(alt_sys_init.o)
 .bss           0x0000000000008f8c        0x0 ../P1_bsp/\libhal_bsp.a(altera_avalon_jtag_uart_write.o)
 .bss           0x0000000000008f8c        0x0 ../P1_bsp/\libhal_bsp.a(alt_busy_sleep.o)
 .bss           0x0000000000008f8c        0x0 ../P1_bsp/\libhal_bsp.a(alt_dcache_flush_all.o)
 .bss           0x0000000000008f8c        0x0 ../P1_bsp/\libhal_bsp.a(alt_errno.o)
 .bss           0x0000000000008f8c        0x0 ../P1_bsp/\libhal_bsp.a(alt_icache_flush_all.o)
 .bss           0x0000000000008f8c        0x0 ../P1_bsp/\libhal_bsp.a(altera_nios2_gen2_irq.o)
 .bss           0x0000000000008f8c        0x0 c:/intelfpga_lite/18.1/nios2eds/bin/gnu/h-x86_64-mingw32/bin/../lib/gcc/nios2-elf/5.3.0/mno-hw-mul\libgcc.a(lib2-divmod.o)
 *(COMMON)
                0x0000000000008f8c                . = ALIGN (0x4)
                0x0000000000008f8c                __bss_end = ABSOLUTE (.)

.memory         0x0000000000008f8c        0x0
                [!provide]                        PROVIDE (_alt_partition_memory_start, ABSOLUTE (.))
 *(.memory .memory. memory.*)
                0x0000000000008f8c                . = ALIGN (0x4)
                [!provide]                        PROVIDE (_alt_partition_memory_end, ABSOLUTE (.))
                0x0000000000008f8c                _end = ABSOLUTE (.)
                0x0000000000008f8c                end = ABSOLUTE (.)
                0x0000000000008f8c                __alt_stack_base = ABSOLUTE (.)
                [!provide]                        PROVIDE (_alt_partition_memory_load_addr, LOADADDR (.memory))

.stab
 *(.stab)

.stabstr
 *(.stabstr)

.stab.excl
 *(.stab.excl)

.stab.exclstr
 *(.stab.exclstr)

.stab.index
 *(.stab.index)

.stab.indexstr
 *(.stab.indexstr)

.comment        0x0000000000000000       0x23
 *(.comment)
 .comment       0x0000000000000000       0x23 obj/default/lcd.o
                                         0x24 (size before relaxing)
 .comment       0x0000000000000023       0x24 obj/default/main.o
 .comment       0x0000000000000023       0x24 obj/default/uart.o
 .comment       0x0000000000000023       0x24 c:/intelfpga_lite/18.1/nios2eds/bin/gnu/h-x86_64-mingw32/bin/../lib/gcc/nios2-elf/5.3.0/mno-hw-mul\libgcc.a(lib2-mul.o)
 .comment       0x0000000000000023       0x24 c:/intelfpga_lite/18.1/nios2eds/bin/gnu/h-x86_64-mingw32/bin/../lib/gcc/nios2-elf/5.3.0/../../../../../H-x86_64-mingw32/nios2-elf/lib/mno-hw-mul\libsmallc.a(lib_a-putchar.o)
 .comment       0x0000000000000023       0x24 c:/intelfpga_lite/18.1/nios2eds/bin/gnu/h-x86_64-mingw32/bin/../lib/gcc/nios2-elf/5.3.0/../../../../../H-x86_64-mingw32/nios2-elf/lib/mno-hw-mul\libsmallc.a(lib_a-impure.o)
 .comment       0x0000000000000023       0x24 c:/intelfpga_lite/18.1/nios2eds/bin/gnu/h-x86_64-mingw32/bin/../lib/gcc/nios2-elf/5.3.0/../../../../../H-x86_64-mingw32/nios2-elf/lib/mno-hw-mul\libsmallc.a(lib_a-putc.o)
 .comment       0x0000000000000023       0x24 c:/intelfpga_lite/18.1/nios2eds/bin/gnu/h-x86_64-mingw32/bin/../lib/gcc/nios2-elf/5.3.0/../../../../../H-x86_64-mingw32/nios2-elf/lib/mno-hw-mul\libsmallc.a(lib_a-fvwrite_small_dev.o)
 .comment       0x0000000000000023       0x24 c:/intelfpga_lite/18.1/nios2eds/bin/gnu/h-x86_64-mingw32/bin/../lib/gcc/nios2-elf/5.3.0/../../../../../H-x86_64-mingw32/nios2-elf/lib/mno-hw-mul\libsmallc.a(lib_a-writer.o)
 .comment       0x0000000000000023       0x24 c:/intelfpga_lite/18.1/nios2eds/bin/gnu/h-x86_64-mingw32/bin/../lib/gcc/nios2-elf/5.3.0/../../../../../H-x86_64-mingw32/nios2-elf/lib/mno-hw-mul\libsmallc.a(lib_a-int_errno.o)
 .comment       0x0000000000000023       0x24 ../P1_bsp/\libhal_bsp.a(alt_load.o)
 .comment       0x0000000000000023       0x24 ../P1_bsp/\libhal_bsp.a(alt_main.o)
 .comment       0x0000000000000023       0x24 ../P1_bsp/\libhal_bsp.a(alt_usleep.o)
 .comment       0x0000000000000023       0x24 ../P1_bsp/\libhal_bsp.a(alt_write.o)
 .comment       0x0000000000000023       0x24 ../P1_bsp/\libhal_bsp.a(alt_sys_init.o)
 .comment       0x0000000000000023       0x24 ../P1_bsp/\libhal_bsp.a(altera_avalon_jtag_uart_write.o)
 .comment       0x0000000000000023       0x24 ../P1_bsp/\libhal_bsp.a(alt_busy_sleep.o)
 .comment       0x0000000000000023       0x24 ../P1_bsp/\libhal_bsp.a(alt_dcache_flush_all.o)
 .comment       0x0000000000000023       0x24 ../P1_bsp/\libhal_bsp.a(alt_errno.o)
 .comment       0x0000000000000023       0x24 ../P1_bsp/\libhal_bsp.a(alt_icache_flush_all.o)
 .comment       0x0000000000000023       0x24 ../P1_bsp/\libhal_bsp.a(altera_nios2_gen2_irq.o)
 .comment       0x0000000000000023       0x24 c:/intelfpga_lite/18.1/nios2eds/bin/gnu/h-x86_64-mingw32/bin/../lib/gcc/nios2-elf/5.3.0/mno-hw-mul\libgcc.a(lib2-divmod.o)

.debug
 *(.debug)

.line
 *(.line)

.debug_srcinfo
 *(.debug_srcinfo)

.debug_sfnames
 *(.debug_sfnames)

.debug_aranges  0x0000000000000000      0x2e0
 *(.debug_aranges)
 .debug_aranges
                0x0000000000000000       0x28 ../P1_bsp//obj/HAL/src/crt0.o
 .debug_aranges
                0x0000000000000028       0x20 obj/default/lcd.o
 .debug_aranges
                0x0000000000000048       0x20 obj/default/main.o
 .debug_aranges
                0x0000000000000068       0x20 obj/default/uart.o
 .debug_aranges
                0x0000000000000088       0x20 c:/intelfpga_lite/18.1/nios2eds/bin/gnu/h-x86_64-mingw32/bin/../lib/gcc/nios2-elf/5.3.0/mno-hw-mul\libgcc.a(lib2-mul.o)
 .debug_aranges
                0x00000000000000a8       0x28 c:/intelfpga_lite/18.1/nios2eds/bin/gnu/h-x86_64-mingw32/bin/../lib/gcc/nios2-elf/5.3.0/../../../../../H-x86_64-mingw32/nios2-elf/lib/mno-hw-mul\libsmallc.a(lib_a-putchar.o)
 .debug_aranges
                0x00000000000000d0       0x18 c:/intelfpga_lite/18.1/nios2eds/bin/gnu/h-x86_64-mingw32/bin/../lib/gcc/nios2-elf/5.3.0/../../../../../H-x86_64-mingw32/nios2-elf/lib/mno-hw-mul\libsmallc.a(lib_a-impure.o)
 .debug_aranges
                0x00000000000000e8       0x28 c:/intelfpga_lite/18.1/nios2eds/bin/gnu/h-x86_64-mingw32/bin/../lib/gcc/nios2-elf/5.3.0/../../../../../H-x86_64-mingw32/nios2-elf/lib/mno-hw-mul\libsmallc.a(lib_a-putc.o)
 .debug_aranges
                0x0000000000000110       0x20 c:/intelfpga_lite/18.1/nios2eds/bin/gnu/h-x86_64-mingw32/bin/../lib/gcc/nios2-elf/5.3.0/../../../../../H-x86_64-mingw32/nios2-elf/lib/mno-hw-mul\libsmallc.a(lib_a-fvwrite_small_dev.o)
 .debug_aranges
                0x0000000000000130       0x20 c:/intelfpga_lite/18.1/nios2eds/bin/gnu/h-x86_64-mingw32/bin/../lib/gcc/nios2-elf/5.3.0/../../../../../H-x86_64-mingw32/nios2-elf/lib/mno-hw-mul\libsmallc.a(lib_a-writer.o)
 .debug_aranges
                0x0000000000000150       0x18 c:/intelfpga_lite/18.1/nios2eds/bin/gnu/h-x86_64-mingw32/bin/../lib/gcc/nios2-elf/5.3.0/../../../../../H-x86_64-mingw32/nios2-elf/lib/mno-hw-mul\libsmallc.a(lib_a-int_errno.o)
 .debug_aranges
                0x0000000000000168       0x20 ../P1_bsp/\libhal_bsp.a(alt_load.o)
 .debug_aranges
                0x0000000000000188       0x20 ../P1_bsp/\libhal_bsp.a(alt_main.o)
 .debug_aranges
                0x00000000000001a8       0x20 ../P1_bsp/\libhal_bsp.a(alt_usleep.o)
 .debug_aranges
                0x00000000000001c8       0x20 ../P1_bsp/\libhal_bsp.a(alt_write.o)
 .debug_aranges
                0x00000000000001e8       0x20 ../P1_bsp/\libhal_bsp.a(alt_sys_init.o)
 .debug_aranges
                0x0000000000000208       0x20 ../P1_bsp/\libhal_bsp.a(altera_avalon_jtag_uart_write.o)
 .debug_aranges
                0x0000000000000228       0x20 ../P1_bsp/\libhal_bsp.a(alt_busy_sleep.o)
 .debug_aranges
                0x0000000000000248       0x20 ../P1_bsp/\libhal_bsp.a(alt_dcache_flush_all.o)
 .debug_aranges
                0x0000000000000268       0x18 ../P1_bsp/\libhal_bsp.a(alt_errno.o)
 .debug_aranges
                0x0000000000000280       0x20 ../P1_bsp/\libhal_bsp.a(alt_icache_flush_all.o)
 .debug_aranges
                0x00000000000002a0       0x20 ../P1_bsp/\libhal_bsp.a(altera_nios2_gen2_irq.o)
 .debug_aranges
                0x00000000000002c0       0x20 c:/intelfpga_lite/18.1/nios2eds/bin/gnu/h-x86_64-mingw32/bin/../lib/gcc/nios2-elf/5.3.0/mno-hw-mul\libgcc.a(lib2-divmod.o)

.debug_pubnames
 *(.debug_pubnames)

.debug_info     0x0000000000000000     0x3652
 *(.debug_info .gnu.linkonce.wi.*)
 .debug_info    0x0000000000000000       0x7c ../P1_bsp//obj/HAL/src/crt0.o
 .debug_info    0x000000000000007c      0x1dc obj/default/lcd.o
 .debug_info    0x0000000000000258      0x413 obj/default/main.o
 .debug_info    0x000000000000066b       0xf4 obj/default/uart.o
 .debug_info    0x000000000000075f       0xb4 c:/intelfpga_lite/18.1/nios2eds/bin/gnu/h-x86_64-mingw32/bin/../lib/gcc/nios2-elf/5.3.0/mno-hw-mul\libgcc.a(lib2-mul.o)
 .debug_info    0x0000000000000813      0x62a c:/intelfpga_lite/18.1/nios2eds/bin/gnu/h-x86_64-mingw32/bin/../lib/gcc/nios2-elf/5.3.0/../../../../../H-x86_64-mingw32/nios2-elf/lib/mno-hw-mul\libsmallc.a(lib_a-putchar.o)
 .debug_info    0x0000000000000e3d      0x5a9 c:/intelfpga_lite/18.1/nios2eds/bin/gnu/h-x86_64-mingw32/bin/../lib/gcc/nios2-elf/5.3.0/../../../../../H-x86_64-mingw32/nios2-elf/lib/mno-hw-mul\libsmallc.a(lib_a-impure.o)
 .debug_info    0x00000000000013e6      0x672 c:/intelfpga_lite/18.1/nios2eds/bin/gnu/h-x86_64-mingw32/bin/../lib/gcc/nios2-elf/5.3.0/../../../../../H-x86_64-mingw32/nios2-elf/lib/mno-hw-mul\libsmallc.a(lib_a-putc.o)
 .debug_info    0x0000000000001a58      0x62b c:/intelfpga_lite/18.1/nios2eds/bin/gnu/h-x86_64-mingw32/bin/../lib/gcc/nios2-elf/5.3.0/../../../../../H-x86_64-mingw32/nios2-elf/lib/mno-hw-mul\libsmallc.a(lib_a-fvwrite_small_dev.o)
 .debug_info    0x0000000000002083      0x630 c:/intelfpga_lite/18.1/nios2eds/bin/gnu/h-x86_64-mingw32/bin/../lib/gcc/nios2-elf/5.3.0/../../../../../H-x86_64-mingw32/nios2-elf/lib/mno-hw-mul\libsmallc.a(lib_a-writer.o)
 .debug_info    0x00000000000026b3       0x8a c:/intelfpga_lite/18.1/nios2eds/bin/gnu/h-x86_64-mingw32/bin/../lib/gcc/nios2-elf/5.3.0/../../../../../H-x86_64-mingw32/nios2-elf/lib/mno-hw-mul\libsmallc.a(lib_a-int_errno.o)
 .debug_info    0x000000000000273d      0x1c9 ../P1_bsp/\libhal_bsp.a(alt_load.o)
 .debug_info    0x0000000000002906      0x169 ../P1_bsp/\libhal_bsp.a(alt_main.o)
 .debug_info    0x0000000000002a6f       0xd1 ../P1_bsp/\libhal_bsp.a(alt_usleep.o)
 .debug_info    0x0000000000002b40      0x1c7 ../P1_bsp/\libhal_bsp.a(alt_write.o)
 .debug_info    0x0000000000002d07      0x1ba ../P1_bsp/\libhal_bsp.a(alt_sys_init.o)
 .debug_info    0x0000000000002ec1      0x197 ../P1_bsp/\libhal_bsp.a(altera_avalon_jtag_uart_write.o)
 .debug_info    0x0000000000003058       0xd8 ../P1_bsp/\libhal_bsp.a(alt_busy_sleep.o)
 .debug_info    0x0000000000003130       0x92 ../P1_bsp/\libhal_bsp.a(alt_dcache_flush_all.o)
 .debug_info    0x00000000000031c2       0xa6 ../P1_bsp/\libhal_bsp.a(alt_errno.o)
 .debug_info    0x0000000000003268       0x92 ../P1_bsp/\libhal_bsp.a(alt_icache_flush_all.o)
 .debug_info    0x00000000000032fa       0x92 ../P1_bsp/\libhal_bsp.a(altera_nios2_gen2_irq.o)
 .debug_info    0x000000000000338c      0x2c6 c:/intelfpga_lite/18.1/nios2eds/bin/gnu/h-x86_64-mingw32/bin/../lib/gcc/nios2-elf/5.3.0/mno-hw-mul\libgcc.a(lib2-divmod.o)

.debug_abbrev   0x0000000000000000     0x133f
 *(.debug_abbrev)
 .debug_abbrev  0x0000000000000000       0x12 ../P1_bsp//obj/HAL/src/crt0.o
 .debug_abbrev  0x0000000000000012       0xbb obj/default/lcd.o
 .debug_abbrev  0x00000000000000cd       0xf5 obj/default/main.o
 .debug_abbrev  0x00000000000001c2       0x96 obj/default/uart.o
 .debug_abbrev  0x0000000000000258       0x6f c:/intelfpga_lite/18.1/nios2eds/bin/gnu/h-x86_64-mingw32/bin/../lib/gcc/nios2-elf/5.3.0/mno-hw-mul\libgcc.a(lib2-mul.o)
 .debug_abbrev  0x00000000000002c7      0x1c0 c:/intelfpga_lite/18.1/nios2eds/bin/gnu/h-x86_64-mingw32/bin/../lib/gcc/nios2-elf/5.3.0/../../../../../H-x86_64-mingw32/nios2-elf/lib/mno-hw-mul\libsmallc.a(lib_a-putchar.o)
 .debug_abbrev  0x0000000000000487      0x14a c:/intelfpga_lite/18.1/nios2eds/bin/gnu/h-x86_64-mingw32/bin/../lib/gcc/nios2-elf/5.3.0/../../../../../H-x86_64-mingw32/nios2-elf/lib/mno-hw-mul\libsmallc.a(lib_a-impure.o)
 .debug_abbrev  0x00000000000005d1      0x1bd c:/intelfpga_lite/18.1/nios2eds/bin/gnu/h-x86_64-mingw32/bin/../lib/gcc/nios2-elf/5.3.0/../../../../../H-x86_64-mingw32/nios2-elf/lib/mno-hw-mul\libsmallc.a(lib_a-putc.o)
 .debug_abbrev  0x000000000000078e      0x1bc c:/intelfpga_lite/18.1/nios2eds/bin/gnu/h-x86_64-mingw32/bin/../lib/gcc/nios2-elf/5.3.0/../../../../../H-x86_64-mingw32/nios2-elf/lib/mno-hw-mul\libsmallc.a(lib_a-fvwrite_small_dev.o)
 .debug_abbrev  0x000000000000094a      0x1a6 c:/intelfpga_lite/18.1/nios2eds/bin/gnu/h-x86_64-mingw32/bin/../lib/gcc/nios2-elf/5.3.0/../../../../../H-x86_64-mingw32/nios2-elf/lib/mno-hw-mul\libsmallc.a(lib_a-writer.o)
 .debug_abbrev  0x0000000000000af0       0x37 c:/intelfpga_lite/18.1/nios2eds/bin/gnu/h-x86_64-mingw32/bin/../lib/gcc/nios2-elf/5.3.0/../../../../../H-x86_64-mingw32/nios2-elf/lib/mno-hw-mul\libsmallc.a(lib_a-int_errno.o)
 .debug_abbrev  0x0000000000000b27       0xd8 ../P1_bsp/\libhal_bsp.a(alt_load.o)
 .debug_abbrev  0x0000000000000bff       0xee ../P1_bsp/\libhal_bsp.a(alt_main.o)
 .debug_abbrev  0x0000000000000ced       0x8d ../P1_bsp/\libhal_bsp.a(alt_usleep.o)
 .debug_abbrev  0x0000000000000d7a      0x12e ../P1_bsp/\libhal_bsp.a(alt_write.o)
 .debug_abbrev  0x0000000000000ea8      0x107 ../P1_bsp/\libhal_bsp.a(alt_sys_init.o)
 .debug_abbrev  0x0000000000000faf       0xd5 ../P1_bsp/\libhal_bsp.a(altera_avalon_jtag_uart_write.o)
 .debug_abbrev  0x0000000000001084       0x8d ../P1_bsp/\libhal_bsp.a(alt_busy_sleep.o)
 .debug_abbrev  0x0000000000001111       0x42 ../P1_bsp/\libhal_bsp.a(alt_dcache_flush_all.o)
 .debug_abbrev  0x0000000000001153       0x5a ../P1_bsp/\libhal_bsp.a(alt_errno.o)
 .debug_abbrev  0x00000000000011ad       0x42 ../P1_bsp/\libhal_bsp.a(alt_icache_flush_all.o)
 .debug_abbrev  0x00000000000011ef       0x42 ../P1_bsp/\libhal_bsp.a(altera_nios2_gen2_irq.o)
 .debug_abbrev  0x0000000000001231      0x10e c:/intelfpga_lite/18.1/nios2eds/bin/gnu/h-x86_64-mingw32/bin/../lib/gcc/nios2-elf/5.3.0/mno-hw-mul\libgcc.a(lib2-divmod.o)

.debug_line     0x0000000000000000     0x1570
 *(.debug_line)
 .debug_line    0x0000000000000000       0x66 ../P1_bsp//obj/HAL/src/crt0.o
 .debug_line    0x0000000000000066       0xb6 obj/default/lcd.o
 .debug_line    0x000000000000011c      0x133 obj/default/main.o
 .debug_line    0x000000000000024f       0x8a obj/default/uart.o
 .debug_line    0x00000000000002d9       0x80 c:/intelfpga_lite/18.1/nios2eds/bin/gnu/h-x86_64-mingw32/bin/../lib/gcc/nios2-elf/5.3.0/mno-hw-mul\libgcc.a(lib2-mul.o)
 .debug_line    0x0000000000000359      0x1e9 c:/intelfpga_lite/18.1/nios2eds/bin/gnu/h-x86_64-mingw32/bin/../lib/gcc/nios2-elf/5.3.0/../../../../../H-x86_64-mingw32/nios2-elf/lib/mno-hw-mul\libsmallc.a(lib_a-putchar.o)
 .debug_line    0x0000000000000542      0x156 c:/intelfpga_lite/18.1/nios2eds/bin/gnu/h-x86_64-mingw32/bin/../lib/gcc/nios2-elf/5.3.0/../../../../../H-x86_64-mingw32/nios2-elf/lib/mno-hw-mul\libsmallc.a(lib_a-impure.o)
 .debug_line    0x0000000000000698      0x202 c:/intelfpga_lite/18.1/nios2eds/bin/gnu/h-x86_64-mingw32/bin/../lib/gcc/nios2-elf/5.3.0/../../../../../H-x86_64-mingw32/nios2-elf/lib/mno-hw-mul\libsmallc.a(lib_a-putc.o)
 .debug_line    0x000000000000089a      0x1f0 c:/intelfpga_lite/18.1/nios2eds/bin/gnu/h-x86_64-mingw32/bin/../lib/gcc/nios2-elf/5.3.0/../../../../../H-x86_64-mingw32/nios2-elf/lib/mno-hw-mul\libsmallc.a(lib_a-fvwrite_small_dev.o)
 .debug_line    0x0000000000000a8a      0x1ed c:/intelfpga_lite/18.1/nios2eds/bin/gnu/h-x86_64-mingw32/bin/../lib/gcc/nios2-elf/5.3.0/../../../../../H-x86_64-mingw32/nios2-elf/lib/mno-hw-mul\libsmallc.a(lib_a-writer.o)
 .debug_line    0x0000000000000c77       0x5f c:/intelfpga_lite/18.1/nios2eds/bin/gnu/h-x86_64-mingw32/bin/../lib/gcc/nios2-elf/5.3.0/../../../../../H-x86_64-mingw32/nios2-elf/lib/mno-hw-mul\libsmallc.a(lib_a-int_errno.o)
 .debug_line    0x0000000000000cd6       0xa4 ../P1_bsp/\libhal_bsp.a(alt_load.o)
 .debug_line    0x0000000000000d7a       0xbd ../P1_bsp/\libhal_bsp.a(alt_main.o)
 .debug_line    0x0000000000000e37       0xcf ../P1_bsp/\libhal_bsp.a(alt_usleep.o)
 .debug_line    0x0000000000000f06      0x16a ../P1_bsp/\libhal_bsp.a(alt_write.o)
 .debug_line    0x0000000000001070      0x119 ../P1_bsp/\libhal_bsp.a(alt_sys_init.o)
 .debug_line    0x0000000000001189       0xf0 ../P1_bsp/\libhal_bsp.a(altera_avalon_jtag_uart_write.o)
 .debug_line    0x0000000000001279       0xb5 ../P1_bsp/\libhal_bsp.a(alt_busy_sleep.o)
 .debug_line    0x000000000000132e       0x4e ../P1_bsp/\libhal_bsp.a(alt_dcache_flush_all.o)
 .debug_line    0x000000000000137c       0x51 ../P1_bsp/\libhal_bsp.a(alt_errno.o)
 .debug_line    0x00000000000013cd       0x4e ../P1_bsp/\libhal_bsp.a(alt_icache_flush_all.o)
 .debug_line    0x000000000000141b       0x50 ../P1_bsp/\libhal_bsp.a(altera_nios2_gen2_irq.o)
 .debug_line    0x000000000000146b      0x105 c:/intelfpga_lite/18.1/nios2eds/bin/gnu/h-x86_64-mingw32/bin/../lib/gcc/nios2-elf/5.3.0/mno-hw-mul\libgcc.a(lib2-divmod.o)

.debug_frame    0x0000000000000000      0x3ec
 *(.debug_frame)
 .debug_frame   0x0000000000000000       0x68 obj/default/lcd.o
 .debug_frame   0x0000000000000068       0x38 obj/default/main.o
 .debug_frame   0x00000000000000a0       0x38 obj/default/uart.o
 .debug_frame   0x00000000000000d8       0x20 c:/intelfpga_lite/18.1/nios2eds/bin/gnu/h-x86_64-mingw32/bin/../lib/gcc/nios2-elf/5.3.0/mno-hw-mul\libgcc.a(lib2-mul.o)
 .debug_frame   0x00000000000000f8       0x30 c:/intelfpga_lite/18.1/nios2eds/bin/gnu/h-x86_64-mingw32/bin/../lib/gcc/nios2-elf/5.3.0/../../../../../H-x86_64-mingw32/nios2-elf/lib/mno-hw-mul\libsmallc.a(lib_a-putchar.o)
 .debug_frame   0x0000000000000128       0x50 c:/intelfpga_lite/18.1/nios2eds/bin/gnu/h-x86_64-mingw32/bin/../lib/gcc/nios2-elf/5.3.0/../../../../../H-x86_64-mingw32/nios2-elf/lib/mno-hw-mul\libsmallc.a(lib_a-putc.o)
 .debug_frame   0x0000000000000178       0x58 c:/intelfpga_lite/18.1/nios2eds/bin/gnu/h-x86_64-mingw32/bin/../lib/gcc/nios2-elf/5.3.0/../../../../../H-x86_64-mingw32/nios2-elf/lib/mno-hw-mul\libsmallc.a(lib_a-fvwrite_small_dev.o)
 .debug_frame   0x00000000000001d0       0x38 c:/intelfpga_lite/18.1/nios2eds/bin/gnu/h-x86_64-mingw32/bin/../lib/gcc/nios2-elf/5.3.0/../../../../../H-x86_64-mingw32/nios2-elf/lib/mno-hw-mul\libsmallc.a(lib_a-writer.o)
 .debug_frame   0x0000000000000208       0x30 ../P1_bsp/\libhal_bsp.a(alt_load.o)
 .debug_frame   0x0000000000000238       0x2c ../P1_bsp/\libhal_bsp.a(alt_main.o)
 .debug_frame   0x0000000000000264       0x20 ../P1_bsp/\libhal_bsp.a(alt_usleep.o)
 .debug_frame   0x0000000000000284       0x2c ../P1_bsp/\libhal_bsp.a(alt_write.o)
 .debug_frame   0x00000000000002b0       0x3c ../P1_bsp/\libhal_bsp.a(alt_sys_init.o)
 .debug_frame   0x00000000000002ec       0x20 ../P1_bsp/\libhal_bsp.a(altera_avalon_jtag_uart_write.o)
 .debug_frame   0x000000000000030c       0x30 ../P1_bsp/\libhal_bsp.a(alt_busy_sleep.o)
 .debug_frame   0x000000000000033c       0x20 ../P1_bsp/\libhal_bsp.a(alt_dcache_flush_all.o)
 .debug_frame   0x000000000000035c       0x20 ../P1_bsp/\libhal_bsp.a(alt_icache_flush_all.o)
 .debug_frame   0x000000000000037c       0x20 ../P1_bsp/\libhal_bsp.a(altera_nios2_gen2_irq.o)
 .debug_frame   0x000000000000039c       0x50 c:/intelfpga_lite/18.1/nios2eds/bin/gnu/h-x86_64-mingw32/bin/../lib/gcc/nios2-elf/5.3.0/mno-hw-mul\libgcc.a(lib2-divmod.o)

.debug_str      0x0000000000000000      0xd8e
 *(.debug_str)
 .debug_str     0x0000000000000000      0x112 obj/default/lcd.o
                                        0x14b (size before relaxing)
 .debug_str     0x0000000000000112       0x61 obj/default/main.o
                                        0x1bd (size before relaxing)
 .debug_str     0x0000000000000173       0x19 obj/default/uart.o
                                        0x15e (size before relaxing)
 .debug_str     0x000000000000018c      0x148 c:/intelfpga_lite/18.1/nios2eds/bin/gnu/h-x86_64-mingw32/bin/../lib/gcc/nios2-elf/5.3.0/mno-hw-mul\libgcc.a(lib2-mul.o)
                                        0x193 (size before relaxing)
 .debug_str     0x00000000000002d4      0x3ef c:/intelfpga_lite/18.1/nios2eds/bin/gnu/h-x86_64-mingw32/bin/../lib/gcc/nios2-elf/5.3.0/../../../../../H-x86_64-mingw32/nios2-elf/lib/mno-hw-mul\libsmallc.a(lib_a-putchar.o)
                                        0x4c1 (size before relaxing)
 .debug_str     0x00000000000006c3       0xef c:/intelfpga_lite/18.1/nios2eds/bin/gnu/h-x86_64-mingw32/bin/../lib/gcc/nios2-elf/5.3.0/../../../../../H-x86_64-mingw32/nios2-elf/lib/mno-hw-mul\libsmallc.a(lib_a-impure.o)
                                        0x4be (size before relaxing)
 .debug_str     0x00000000000007b2       0x5b c:/intelfpga_lite/18.1/nios2eds/bin/gnu/h-x86_64-mingw32/bin/../lib/gcc/nios2-elf/5.3.0/../../../../../H-x86_64-mingw32/nios2-elf/lib/mno-hw-mul\libsmallc.a(lib_a-putc.o)
                                        0x4cb (size before relaxing)
 .debug_str     0x000000000000080d       0x63 c:/intelfpga_lite/18.1/nios2eds/bin/gnu/h-x86_64-mingw32/bin/../lib/gcc/nios2-elf/5.3.0/../../../../../H-x86_64-mingw32/nios2-elf/lib/mno-hw-mul\libsmallc.a(lib_a-fvwrite_small_dev.o)
                                        0x4d4 (size before relaxing)
 .debug_str     0x0000000000000870       0x45 c:/intelfpga_lite/18.1/nios2eds/bin/gnu/h-x86_64-mingw32/bin/../lib/gcc/nios2-elf/5.3.0/../../../../../H-x86_64-mingw32/nios2-elf/lib/mno-hw-mul\libsmallc.a(lib_a-writer.o)
                                        0x4b8 (size before relaxing)
 .debug_str     0x00000000000008b5       0x3f c:/intelfpga_lite/18.1/nios2eds/bin/gnu/h-x86_64-mingw32/bin/../lib/gcc/nios2-elf/5.3.0/../../../../../H-x86_64-mingw32/nios2-elf/lib/mno-hw-mul\libsmallc.a(lib_a-int_errno.o)
                                        0x1d8 (size before relaxing)
 .debug_str     0x00000000000008f4      0x163 ../P1_bsp/\libhal_bsp.a(alt_load.o)
                                        0x24a (size before relaxing)
 .debug_str     0x0000000000000a57       0x8a ../P1_bsp/\libhal_bsp.a(alt_main.o)
                                        0x1c3 (size before relaxing)
 .debug_str     0x0000000000000ae1       0x2f ../P1_bsp/\libhal_bsp.a(alt_usleep.o)
                                        0x165 (size before relaxing)
 .debug_str     0x0000000000000b10       0x6f ../P1_bsp/\libhal_bsp.a(alt_write.o)
                                        0x1e7 (size before relaxing)
 .debug_str     0x0000000000000b7f       0xbf ../P1_bsp/\libhal_bsp.a(alt_sys_init.o)
                                        0x266 (size before relaxing)
 .debug_str     0x0000000000000c3e       0x2c ../P1_bsp/\libhal_bsp.a(altera_avalon_jtag_uart_write.o)
                                        0x223 (size before relaxing)
 .debug_str     0x0000000000000c6a       0x33 ../P1_bsp/\libhal_bsp.a(alt_busy_sleep.o)
                                        0x179 (size before relaxing)
 .debug_str     0x0000000000000c9d       0x1f ../P1_bsp/\libhal_bsp.a(alt_dcache_flush_all.o)
                                        0x163 (size before relaxing)
 .debug_str     0x0000000000000cbc       0x14 ../P1_bsp/\libhal_bsp.a(alt_errno.o)
                                        0x153 (size before relaxing)
 .debug_str     0x0000000000000cd0       0x1f ../P1_bsp/\libhal_bsp.a(alt_icache_flush_all.o)
                                        0x163 (size before relaxing)
 .debug_str     0x0000000000000cef       0x20 ../P1_bsp/\libhal_bsp.a(altera_nios2_gen2_irq.o)
                                        0x16a (size before relaxing)
 .debug_str     0x0000000000000d0f       0x7f c:/intelfpga_lite/18.1/nios2eds/bin/gnu/h-x86_64-mingw32/bin/../lib/gcc/nios2-elf/5.3.0/mno-hw-mul\libgcc.a(lib2-divmod.o)
                                        0x1d2 (size before relaxing)

.debug_loc      0x0000000000000000      0xc2c
 *(.debug_loc)
 .debug_loc     0x0000000000000000       0x4a obj/default/lcd.o
 .debug_loc     0x000000000000004a       0xf5 obj/default/main.o
 .debug_loc     0x000000000000013f       0x8d obj/default/uart.o
 .debug_loc     0x00000000000001cc       0x93 c:/intelfpga_lite/18.1/nios2eds/bin/gnu/h-x86_64-mingw32/bin/../lib/gcc/nios2-elf/5.3.0/mno-hw-mul\libgcc.a(lib2-mul.o)
 .debug_loc     0x000000000000025f       0x81 c:/intelfpga_lite/18.1/nios2eds/bin/gnu/h-x86_64-mingw32/bin/../lib/gcc/nios2-elf/5.3.0/../../../../../H-x86_64-mingw32/nios2-elf/lib/mno-hw-mul\libsmallc.a(lib_a-putchar.o)
 .debug_loc     0x00000000000002e0       0xc6 c:/intelfpga_lite/18.1/nios2eds/bin/gnu/h-x86_64-mingw32/bin/../lib/gcc/nios2-elf/5.3.0/../../../../../H-x86_64-mingw32/nios2-elf/lib/mno-hw-mul\libsmallc.a(lib_a-putc.o)
 .debug_loc     0x00000000000003a6      0x110 c:/intelfpga_lite/18.1/nios2eds/bin/gnu/h-x86_64-mingw32/bin/../lib/gcc/nios2-elf/5.3.0/../../../../../H-x86_64-mingw32/nios2-elf/lib/mno-hw-mul\libsmallc.a(lib_a-fvwrite_small_dev.o)
 .debug_loc     0x00000000000004b6       0xa5 c:/intelfpga_lite/18.1/nios2eds/bin/gnu/h-x86_64-mingw32/bin/../lib/gcc/nios2-elf/5.3.0/../../../../../H-x86_64-mingw32/nios2-elf/lib/mno-hw-mul\libsmallc.a(lib_a-writer.o)
 .debug_loc     0x000000000000055b       0x21 ../P1_bsp/\libhal_bsp.a(alt_usleep.o)
 .debug_loc     0x000000000000057c       0xcf ../P1_bsp/\libhal_bsp.a(alt_write.o)
 .debug_loc     0x000000000000064b       0x21 ../P1_bsp/\libhal_bsp.a(alt_sys_init.o)
 .debug_loc     0x000000000000066c       0x8b ../P1_bsp/\libhal_bsp.a(altera_avalon_jtag_uart_write.o)
 .debug_loc     0x00000000000006f7       0x67 ../P1_bsp/\libhal_bsp.a(alt_busy_sleep.o)
 .debug_loc     0x000000000000075e      0x4ce c:/intelfpga_lite/18.1/nios2eds/bin/gnu/h-x86_64-mingw32/bin/../lib/gcc/nios2-elf/5.3.0/mno-hw-mul\libgcc.a(lib2-divmod.o)

.debug_macinfo
 *(.debug_macinfo)

.debug_weaknames
 *(.debug_weaknames)

.debug_funcnames
 *(.debug_funcnames)

.debug_typenames
 *(.debug_typenames)

.debug_varnames
 *(.debug_varnames)

.debug_alt_sim_info
                0x0000000000000000       0x40
 *(.debug_alt_sim_info)
 .debug_alt_sim_info
                0x0000000000000000       0x10 ../P1_bsp//obj/HAL/src/crt0.o
 .debug_alt_sim_info
                0x0000000000000010       0x30 ../P1_bsp/\libhal_bsp.a(alt_busy_sleep.o)
                0x000000000000e000                __alt_data_end = 0xe000
                0x000000000000e000                PROVIDE (__alt_stack_pointer, __alt_data_end)
                [!provide]                        PROVIDE (__alt_stack_limit, __alt_stack_base)
                [!provide]                        PROVIDE (__alt_heap_start, end)
                [!provide]                        PROVIDE (__alt_heap_limit, 0xe000)
OUTPUT(P1.elf elf32-littlenios2)

.debug_ranges   0x0000000000000000      0x160
 .debug_ranges  0x0000000000000000       0x20 ../P1_bsp//obj/HAL/src/crt0.o
 .debug_ranges  0x0000000000000020       0x10 obj/default/main.o
 .debug_ranges  0x0000000000000030       0x18 c:/intelfpga_lite/18.1/nios2eds/bin/gnu/h-x86_64-mingw32/bin/../lib/gcc/nios2-elf/5.3.0/../../../../../H-x86_64-mingw32/nios2-elf/lib/mno-hw-mul\libsmallc.a(lib_a-putchar.o)
 .debug_ranges  0x0000000000000048       0x18 c:/intelfpga_lite/18.1/nios2eds/bin/gnu/h-x86_64-mingw32/bin/../lib/gcc/nios2-elf/5.3.0/../../../../../H-x86_64-mingw32/nios2-elf/lib/mno-hw-mul\libsmallc.a(lib_a-putc.o)
 .debug_ranges  0x0000000000000060       0x28 c:/intelfpga_lite/18.1/nios2eds/bin/gnu/h-x86_64-mingw32/bin/../lib/gcc/nios2-elf/5.3.0/../../../../../H-x86_64-mingw32/nios2-elf/lib/mno-hw-mul\libsmallc.a(lib_a-fvwrite_small_dev.o)
 .debug_ranges  0x0000000000000088       0x10 c:/intelfpga_lite/18.1/nios2eds/bin/gnu/h-x86_64-mingw32/bin/../lib/gcc/nios2-elf/5.3.0/../../../../../H-x86_64-mingw32/nios2-elf/lib/mno-hw-mul\libsmallc.a(lib_a-writer.o)
 .debug_ranges  0x0000000000000098       0x48 ../P1_bsp/\libhal_bsp.a(alt_load.o)
 .debug_ranges  0x00000000000000e0       0x20 ../P1_bsp/\libhal_bsp.a(alt_write.o)
 .debug_ranges  0x0000000000000100       0x60 c:/intelfpga_lite/18.1/nios2eds/bin/gnu/h-x86_64-mingw32/bin/../lib/gcc/nios2-elf/5.3.0/mno-hw-mul\libgcc.a(lib2-divmod.o)
